Microchip MPLAB XC8 Compiler V2.31

Linker command line:

-W-3 --edf=C:\Program Files\Microchip\xc8\v2.31\pic\dat\en_msgs.txt -cn \
  -h+dist/default/production\Trabalho_Cancela.X.production.sym \
  --cmf=dist/default/production\Trabalho_Cancela.X.production.cmf -z \
  -Q16F877A -oC:\Users\riant\AppData\Local\Temp\sfk8.2 \
  --defsym=__MPLAB_BUILD=1 \
  -Mdist/default/production/Trabalho_Cancela.X.production.map -E1 \
  -ver=XC8 Compiler --acfsm=1493 -ASTACK=0110h-016Fh -pstack=STACK \
  -ACODE=00h-07FFhx4 -ASTRCODE=00h-01FFFh -ASTRING=00h-0FFhx32 \
  -ACONST=00h-0FFhx32 -AENTRY=00h-0FFhx32 -ACOMMON=070h-07Fh \
  -ABANK0=020h-06Fh -ABANK1=0A0h-0EFh -ABANK2=0110h-016Fh \
  -ABANK3=0190h-01EFh -ARAM=020h-06Fh,0A0h-0EFh,0110h-016Fh,0190h-01EFh \
  -AABS1=020h-07Fh,0A0h-0EFh,0110h-016Fh,0190h-01EFh -ASFR0=00h-01Fh \
  -ASFR1=080h-09Fh -ASFR2=0100h-010Fh -ASFR3=0180h-018Fh \
  -ACONFIG=02007h-02007h -DCONFIG=2 -AIDLOC=02000h-02003h -DIDLOC=2 \
  -AEEDATA=00h-0FFh/02100h -peeprom_data=EEDATA -DEEDATA=2 -DCODE=2 \
  -DSTRCODE=2 -DSTRING=2 -DCONST=2 -DENTRY=2 \
  -preset_vec=00h,intentry=04h,init,end_init -ppowerup=CODE -pcinit=CODE \
  -pfunctab=ENTRY -k C:\Users\riant\AppData\Local\Temp\sfk8.o \
  dist/default/production\Trabalho_Cancela.X.production.o 

Object code version is 3.11

Machine type is 16F877A



                Name                               Link     Load   Length Selector   Space Scale
C:\Users\riant\AppData\Local\Temp\sfk8.o
                end_init                              C        C        3        8       0
                reset_vec                             0        0        3        0       0
dist/default/production\Trabalho_Cancela.X.production.o
                cinit                                 F        F        4        8       0
                intentry                              4        4        8        8       0
                text4                                CF       CF       17        8       0
                text3                                68       68       37        8       0
                text2                                B7       B7       18        8       0
                text1                                9F       9F       18        8       0
                maintext                             13       13       55        8       0
                cstackBANK0                          20       20        6       20       1
                cstackCOMMON                         70       70        8       70       1

TOTAL           Name                               Link     Load   Length     Space
        CLASS   STACK          

        CLASS   CODE           
                end_init                              C        C        3         0
                cinit                                 F        F        4         0
                intentry                              4        4        8         0
                reset_vec                             0        0        3         0
                text4                                CF       CF       17         0
                text3                                68       68       37         0
                text2                                B7       B7       18         0
                text1                                9F       9F       18         0
                maintext                             13       13       55         0

        CLASS   STRCODE        

        CLASS   STRING         

        CLASS   CONST          

        CLASS   ENTRY          

        CLASS   COMMON         
                cstackCOMMON                         70       70        8         1

        CLASS   BANK0          
                cstackBANK0                          20       20        6         1

        CLASS   BANK1          

        CLASS   BANK2          

        CLASS   BANK3          

        CLASS   RAM            

        CLASS   ABS1           
                abs_s1                               7E       7E        2         1

        CLASS   SFR0           

        CLASS   SFR1           

        CLASS   SFR2           

        CLASS   SFR3           

        CLASS   CONFIG         

        CLASS   IDLOC          

        CLASS   EEDATA         



SEGMENTS        Name                           Load    Length   Top    Selector   Space  Class     Delta

                reset_vec                      000000  000003  000003         0       0  CODE        2
                intentry                       000004  0000E2  0000E6         8       0  CODE        2
                cstackBANK0                    000020  000006  000026        20       1  BANK0       1
                cstackCOMMON                   000070  000008  000078        70       1  COMMON      1


UNUSED ADDRESS RANGES

        Name                Unused          Largest block    Delta
        BANK0            026-06F            4A           1
        BANK1            0A0-0EF            50           1
        BANK2            110-16F            60           1
        BANK3            190-1EF            60           1
        CODE             003-003             1           2
                         0E6-1FFF           800
        COMMON           078-07D             6           1
        CONFIG           2007-2007             1           2
        CONST            003-003             1           2
                         0E6-1FFF           100
        EEDATA           2100-21FF           100           2
        ENTRY            003-003             1           2
                         0E6-1FFF           100
        IDLOC            2000-2003             4           2
        RAM              026-06F            4A           1
                         0A0-0EF            50
                         110-16F            60
                         190-1EF            60
        SFR0             000-01F            20           1
        SFR1             080-09F            20           1
        SFR2             100-10F            10           1
        SFR3             180-18F            10           1
        STACK            110-16F            60           1
        STRCODE          003-003             1           2
                         0E6-1FFF          1F1A
        STRING           003-003             1           2
                         0E6-1FFF           100

                                  Symbol Table

_INTCONbits              (abs)        00B
_INTF                    (abs)        059
_OPTION_REGbits          (abs)        081
_PORTBbits               (abs)        006
_PORTDbits               (abs)        008
_TRISBbits               (abs)        086
_TRISDbits               (abs)        088
_TrataInt                text3        068
__Habs1                  abs1         000
__Hbank0                 bank0        000
__Hbank1                 bank1        000
__Hbank2                 bank2        000
__Hbank3                 bank3        000
__Hcinit                 cinit        013
__Hclrtext               clrtext      000
__Hcode                  code         000
__Hcommon                common       000
__HcstackBANK0           cstackBANK0  000
__HcstackCOMMON          cstackCOMMON 000
__Heeprom_data           eeprom_data  000
__Hend_init              end_init     00F
__Hfunctab               functab      000
__Hinit                  init         00C
__Hintentry              intentry     00C
__Hmaintext              maintext     000
__Hpowerup               powerup      000
__Hram                   ram          000
__Hreset_vec             reset_vec    003
__Hsfr0                  sfr0         000
__Hsfr1                  sfr1         000
__Hsfr2                  sfr2         000
__Hsfr3                  sfr3         000
__Hspace_0               (abs)        0E6
__Hspace_1               (abs)        078
__Hspace_2               (abs)        000
__Hspace_3               (abs)        000
__Hstack                 stack        000
__Hstrings               strings      000
__Htext                  text         000
__Labs1                  abs1         000
__Lbank0                 bank0        000
__Lbank1                 bank1        000
__Lbank2                 bank2        000
__Lbank3                 bank3        000
__Lcinit                 cinit        00F
__Lclrtext               clrtext      000
__Lcode                  code         000
__Lcommon                common       000
__LcstackBANK0           cstackBANK0  000
__LcstackCOMMON          cstackCOMMON 000
__Leeprom_data           eeprom_data  000
__Lend_init              end_init     00C
__Lfunctab               functab      000
__Linit                  init         00C
__Lintentry              intentry     004
__Lmaintext              maintext     000
__Lpowerup               powerup      000
__Lram                   ram          000
__Lreset_vec             reset_vec    000
__Lsfr0                  sfr0         000
__Lsfr1                  sfr1         000
__Lsfr2                  sfr2         000
__Lsfr3                  sfr3         000
__Lspace_0               (abs)        000
__Lspace_1               (abs)        000
__Lspace_2               (abs)        000
__Lspace_3               (abs)        000
__Lstack                 stack        000
__Lstrings               strings      000
__Ltext                  text         000
__S0                     (abs)        0E6
__S1                     (abs)        078
__S2                     (abs)        000
__S3                     (abs)        000
___int_sp                stack        000
___latbits               (abs)        002
___sp                    stack        000
___stackhi               (abs)        000
___stacklo               (abs)        000
__end_of_TrataInt        text3        09F
__end_of__initialization cinit        00F
__end_of_cancelaDesce    text2        0CF
__end_of_cancelaSobe     text1        0B7
__end_of_main            maintext     068
__end_ofi1_cancelaDesce  text4        0E6
__initialization         cinit        00F
__pcstackBANK0           cstackBANK0  020
__pcstackCOMMON          cstackCOMMON 070
__pintentry              intentry     004
__pmaintext              maintext     013
__ptext1                 text1        09F
__ptext2                 text2        0B7
__ptext3                 text3        068
__ptext4                 text4        0CF
__size_of_TrataInt       (abs)        000
__size_of_cancelaDesce   (abs)        000
__size_of_cancelaSobe    (abs)        000
__size_of_main           (abs)        000
__size_ofi1_cancelaDesce (abs)        000
_cancelaDesce            text2        0B7
_cancelaSobe             text1        09F
_main                    maintext     013
btemp                    (abs)        07E
end_of_initialization    cinit        00F
i1_cancelaDesce          text4        0CF
interrupt_function       intentry     004
intlevel0                functab      000
intlevel1                functab      000
intlevel2                functab      000
intlevel3                functab      000
intlevel4                functab      000
intlevel5                functab      000
reset_vec                reset_vec    000
saved_w                  (abs)        07E
start                    init         00C
start_initialization     cinit        00F
wtemp0                   (abs)        07E


FUNCTION INFORMATION:

 *************** function _main *****************
 Defined at:
		line 21 in file "main.c"
 Parameters:    Size  Location     Type
		None
 Auto vars:     Size  Location     Type
		None
 Return value:  Size  Location     Type
                  1    wreg      void 
 Registers used:
		wreg, status,2, status,0, pclath, cstack
 Tracked objects:
		On entry : 
		On exit  : 
		Unchanged: 
 Data sizes:     COMMON   BANK0   BANK1   BANK3   BANK2
      Params:         0       0       0       0       0
      Locals:         0       0       0       0       0
      Temps:          0       3       0       0       0
      Totals:         0       3       0       0       0
Total ram usage:        3 bytes
 Hardware stack levels required when called:    3
 This function calls:
		_cancelaDesce
		_cancelaSobe
 This function is called by:
		Startup code after reset
 This function uses a non-reentrant model


 *************** function _cancelaSobe *****************
 Defined at:
		line 74 in file "main.c"
 Parameters:    Size  Location     Type
		None
 Auto vars:     Size  Location     Type
		None
 Return value:  Size  Location     Type
                  1    wreg      void 
 Registers used:
		wreg
 Tracked objects:
		On entry : 
		On exit  : 
		Unchanged: 
 Data sizes:     COMMON   BANK0   BANK1   BANK3   BANK2
      Params:         0       0       0       0       0
      Locals:         0       0       0       0       0
      Temps:          0       3       0       0       0
      Totals:         0       3       0       0       0
Total ram usage:        3 bytes
 Hardware stack levels used:    1
 Hardware stack levels required when called:    2
 This function calls:
		Nothing
 This function is called by:
		_main
 This function uses a non-reentrant model


 *************** function _cancelaDesce *****************
 Defined at:
		line 63 in file "main.c"
 Parameters:    Size  Location     Type
		None
 Auto vars:     Size  Location     Type
		None
 Return value:  Size  Location     Type
                  1    wreg      void 
 Registers used:
		wreg
 Tracked objects:
		On entry : 
		On exit  : 
		Unchanged: 
 Data sizes:     COMMON   BANK0   BANK1   BANK3   BANK2
      Params:         0       0       0       0       0
      Locals:         0       0       0       0       0
      Temps:          0       3       0       0       0
      Totals:         0       3       0       0       0
Total ram usage:        3 bytes
 Hardware stack levels used:    1
 Hardware stack levels required when called:    2
 This function calls:
		Nothing
 This function is called by:
		_main
 This function uses a non-reentrant model


 *************** function _TrataInt *****************
 Defined at:
		line 85 in file "main.c"
 Parameters:    Size  Location     Type
		None
 Auto vars:     Size  Location     Type
		None
 Return value:  Size  Location     Type
                  1    wreg      void 
 Registers used:
		wreg, status,2, status,0, pclath, cstack
 Tracked objects:
		On entry : 
		On exit  : 
		Unchanged: 
 Data sizes:     COMMON   BANK0   BANK1   BANK3   BANK2
      Params:         0       0       0       0       0
      Locals:         0       0       0       0       0
      Temps:          5       0       0       0       0
      Totals:         5       0       0       0       0
Total ram usage:        5 bytes
 Hardware stack levels used:    1
 Hardware stack levels required when called:    1
 This function calls:
		i1_cancelaDesce
 This function is called by:
		Interrupt level 1
 This function uses a non-reentrant model


 *************** function i1_cancelaDesce *****************
 Defined at:
		line 63 in file "main.c"
 Parameters:    Size  Location     Type
		None
 Auto vars:     Size  Location     Type
		None
 Return value:  Size  Location     Type
                  1    wreg      void 
 Registers used:
		wreg
 Tracked objects:
		On entry : 
		On exit  : 
		Unchanged: 
 Data sizes:     COMMON   BANK0   BANK1   BANK3   BANK2
      Params:         0       0       0       0       0
      Locals:         0       0       0       0       0
      Temps:          3       0       0       0       0
      Totals:         3       0       0       0       0
Total ram usage:        3 bytes
 Hardware stack levels used:    1
 This function calls:
		Nothing
 This function is called by:
		_TrataInt
 This function uses a non-reentrant model



MODULE INFORMATION

Module		Function		Class		Link	Load	Size
shared
		i1_cancelaDesce		CODE           	00CF	0000	23
		__initialization		CODE           	000F	0000	1

shared estimated size: 24

main.c
		_TrataInt      		CODE           	0068	0000	55
		_main          		CODE           	0013	0000	85
		_cancelaSobe   		CODE           	009F	0000	24
		_cancelaDesce  		CODE           	00B7	0000	24

main.c estimated size: 188

