MPLINK 5.09, LINKER
Linker Map File - Created Sun Mar 28 22:32:23 2021

                                 Section Info
                  Section       Type    Address   Location Size(Bytes)
                ---------  ---------  ---------  ---------  ---------
                   .org_0       code   0x000000    program   0x00031c
                   .cinit    romdata   0x00018e    program   0x000004
.config_2007_BUILD/DEFAULT/PRODUCTION/PRENSA.       code   0x002007    program   0x000002



                              Program Memory Usage 
                               Start         End      
                           ---------   ---------      
                            0x000000    0x00018f      
                            0x002007    0x002007      
            401 out of 8454 program addresses used, program memory utilization is 4%



                              Symbols - Sorted by Name
                     Name    Address   Location    Storage File                     
                ---------  ---------  ---------  --------- ---------                
                    Delay   0x000001    program     static C:\Users\riant\Desktop\Prensa\Prensa.X\Prensa.asm
                       E1   0x000012    program     static C:\Users\riant\Desktop\Prensa\Prensa.X\Prensa.asm
                       E2   0x00001c    program     static C:\Users\riant\Desktop\Prensa\Prensa.X\Prensa.asm
                       E3   0x000026    program     static C:\Users\riant\Desktop\Prensa\Prensa.X\Prensa.asm
                       E4   0x000030    program     static C:\Users\riant\Desktop\Prensa\Prensa.X\Prensa.asm
                       E5   0x00003a    program     static C:\Users\riant\Desktop\Prensa\Prensa.X\Prensa.asm
                       E6   0x000044    program     static C:\Users\riant\Desktop\Prensa\Prensa.X\Prensa.asm
                       E7   0x00004e    program     static C:\Users\riant\Desktop\Prensa\Prensa.X\Prensa.asm
                       E8   0x000058    program     static C:\Users\riant\Desktop\Prensa\Prensa.X\Prensa.asm
                       E9   0x000062    program     static C:\Users\riant\Desktop\Prensa\Prensa.X\Prensa.asm
                   ccinco   0x000150    program     static C:\Users\riant\Desktop\Prensa\Prensa.X\Prensa.asm
                    cdois   0x000129    program     static C:\Users\riant\Desktop\Prensa\Prensa.X\Prensa.asm
                    cinco   0x0000d2    program     static C:\Users\riant\Desktop\Prensa\Prensa.X\Prensa.asm
                    cnove   0x000184    program     static C:\Users\riant\Desktop\Prensa\Prensa.X\Prensa.asm
                    coito   0x000177    program     static C:\Users\riant\Desktop\Prensa\Prensa.X\Prensa.asm
                  cquatro   0x000143    program     static C:\Users\riant\Desktop\Prensa\Prensa.X\Prensa.asm
                    cseis   0x00015d    program     static C:\Users\riant\Desktop\Prensa\Prensa.X\Prensa.asm
                    csete   0x00016a    program     static C:\Users\riant\Desktop\Prensa\Prensa.X\Prensa.asm
                    ctres   0x000136    program     static C:\Users\riant\Desktop\Prensa\Prensa.X\Prensa.asm
                      cum   0x00011c    program     static C:\Users\riant\Desktop\Prensa\Prensa.X\Prensa.asm
                   denovo   0x000003    program     static C:\Users\riant\Desktop\Prensa\Prensa.X\Prensa.asm
                     dois   0x0000ab    program     static C:\Users\riant\Desktop\Prensa\Prensa.X\Prensa.asm
                     down   0x00009c    program     static C:\Users\riant\Desktop\Prensa\Prensa.X\Prensa.asm
                    enter   0x00009d    program     static C:\Users\riant\Desktop\Prensa\Prensa.X\Prensa.asm
                   inicio   0x00006c    program     static C:\Users\riant\Desktop\Prensa\Prensa.X\Prensa.asm
                  ligaled   0x00000c    program     static C:\Users\riant\Desktop\Prensa\Prensa.X\Prensa.asm
                     loop   0x00008d    program     static C:\Users\riant\Desktop\Prensa\Prensa.X\Prensa.asm
                     nove   0x000106    program     static C:\Users\riant\Desktop\Prensa\Prensa.X\Prensa.asm
                     oito   0x0000f9    program     static C:\Users\riant\Desktop\Prensa\Prensa.X\Prensa.asm
                   quatro   0x0000c5    program     static C:\Users\riant\Desktop\Prensa\Prensa.X\Prensa.asm
                   repete   0x000008    program     static C:\Users\riant\Desktop\Prensa\Prensa.X\Prensa.asm
                      sai   0x00000b    program     static C:\Users\riant\Desktop\Prensa\Prensa.X\Prensa.asm
                     seis   0x0000df    program     static C:\Users\riant\Desktop\Prensa\Prensa.X\Prensa.asm
                     sete   0x0000ec    program     static C:\Users\riant\Desktop\Prensa\Prensa.X\Prensa.asm
                     tres   0x0000b8    program     static C:\Users\riant\Desktop\Prensa\Prensa.X\Prensa.asm
                       um   0x00009e    program     static C:\Users\riant\Desktop\Prensa\Prensa.X\Prensa.asm
                       up   0x00009b    program     static C:\Users\riant\Desktop\Prensa\Prensa.X\Prensa.asm
                     zero   0x000113    program     static C:\Users\riant\Desktop\Prensa\Prensa.X\Prensa.asm



                              Symbols - Sorted by Address
                     Name    Address   Location    Storage File                     
                ---------  ---------  ---------  --------- ---------                
                    Delay   0x000001    program     static C:\Users\riant\Desktop\Prensa\Prensa.X\Prensa.asm
                   denovo   0x000003    program     static C:\Users\riant\Desktop\Prensa\Prensa.X\Prensa.asm
                   repete   0x000008    program     static C:\Users\riant\Desktop\Prensa\Prensa.X\Prensa.asm
                      sai   0x00000b    program     static C:\Users\riant\Desktop\Prensa\Prensa.X\Prensa.asm
                  ligaled   0x00000c    program     static C:\Users\riant\Desktop\Prensa\Prensa.X\Prensa.asm
                       E1   0x000012    program     static C:\Users\riant\Desktop\Prensa\Prensa.X\Prensa.asm
                       E2   0x00001c    program     static C:\Users\riant\Desktop\Prensa\Prensa.X\Prensa.asm
                       E3   0x000026    program     static C:\Users\riant\Desktop\Prensa\Prensa.X\Prensa.asm
                       E4   0x000030    program     static C:\Users\riant\Desktop\Prensa\Prensa.X\Prensa.asm
                       E5   0x00003a    program     static C:\Users\riant\Desktop\Prensa\Prensa.X\Prensa.asm
                       E6   0x000044    program     static C:\Users\riant\Desktop\Prensa\Prensa.X\Prensa.asm
                       E7   0x00004e    program     static C:\Users\riant\Desktop\Prensa\Prensa.X\Prensa.asm
                       E8   0x000058    program     static C:\Users\riant\Desktop\Prensa\Prensa.X\Prensa.asm
                       E9   0x000062    program     static C:\Users\riant\Desktop\Prensa\Prensa.X\Prensa.asm
                   inicio   0x00006c    program     static C:\Users\riant\Desktop\Prensa\Prensa.X\Prensa.asm
                     loop   0x00008d    program     static C:\Users\riant\Desktop\Prensa\Prensa.X\Prensa.asm
                       up   0x00009b    program     static C:\Users\riant\Desktop\Prensa\Prensa.X\Prensa.asm
                     down   0x00009c    program     static C:\Users\riant\Desktop\Prensa\Prensa.X\Prensa.asm
                    enter   0x00009d    program     static C:\Users\riant\Desktop\Prensa\Prensa.X\Prensa.asm
                       um   0x00009e    program     static C:\Users\riant\Desktop\Prensa\Prensa.X\Prensa.asm
                     dois   0x0000ab    program     static C:\Users\riant\Desktop\Prensa\Prensa.X\Prensa.asm
                     tres   0x0000b8    program     static C:\Users\riant\Desktop\Prensa\Prensa.X\Prensa.asm
                   quatro   0x0000c5    program     static C:\Users\riant\Desktop\Prensa\Prensa.X\Prensa.asm
                    cinco   0x0000d2    program     static C:\Users\riant\Desktop\Prensa\Prensa.X\Prensa.asm
                     seis   0x0000df    program     static C:\Users\riant\Desktop\Prensa\Prensa.X\Prensa.asm
                     sete   0x0000ec    program     static C:\Users\riant\Desktop\Prensa\Prensa.X\Prensa.asm
                     oito   0x0000f9    program     static C:\Users\riant\Desktop\Prensa\Prensa.X\Prensa.asm
                     nove   0x000106    program     static C:\Users\riant\Desktop\Prensa\Prensa.X\Prensa.asm
                     zero   0x000113    program     static C:\Users\riant\Desktop\Prensa\Prensa.X\Prensa.asm
                      cum   0x00011c    program     static C:\Users\riant\Desktop\Prensa\Prensa.X\Prensa.asm
                    cdois   0x000129    program     static C:\Users\riant\Desktop\Prensa\Prensa.X\Prensa.asm
                    ctres   0x000136    program     static C:\Users\riant\Desktop\Prensa\Prensa.X\Prensa.asm
                  cquatro   0x000143    program     static C:\Users\riant\Desktop\Prensa\Prensa.X\Prensa.asm
                   ccinco   0x000150    program     static C:\Users\riant\Desktop\Prensa\Prensa.X\Prensa.asm
                    cseis   0x00015d    program     static C:\Users\riant\Desktop\Prensa\Prensa.X\Prensa.asm
                    csete   0x00016a    program     static C:\Users\riant\Desktop\Prensa\Prensa.X\Prensa.asm
                    coito   0x000177    program     static C:\Users\riant\Desktop\Prensa\Prensa.X\Prensa.asm
                    cnove   0x000184    program     static C:\Users\riant\Desktop\Prensa\Prensa.X\Prensa.asm


